yDe3S , "FFFFFQh"
yDe3S , "k"
yDe3S , "k"
yDe3S , "Qh"
ERROR
