RxDoJ , "UF4"
RxDoJ , "UF4"
RxDoJ , "dF4"
RxDoJ , "UF4"
RxDoJ , "UF4"
RxDoJ , "dF4"
RxDoJ , "dF4"
